// Vitest Snapshot v1, https://vitest.dev/guide/snapshot.html

exports[`account summary 1`] = `
t {
  "isErr": false,
  "isOk": true,
  "value": StatementSummary {
    "account": "9-39401",
    "accountHolder": "GINEVRA M WEASLEY",
    "accountName": undefined,
    "availableCash": 300000,
    "availableCredit": 1544432,
    "cashAdvanceLimit": 300000,
    "closingDate": "2025-02-21T00:00:00.000+00:00",
    "creditLimit": 2390000,
    "fees": 35000,
    "interestCharged": 0,
    "minimumPaymentDue": 6711,
    "newBalance": 111111,
    "newCharges": 382083,
    "paymentsAndCredits": -610845,
    "previousBalance": 610845,
  },
}
`;

exports[`transactions 1`] = `
[
  t {
    "isErr": false,
    "isOk": true,
    "value": Credit {
      "amount": 1924601,
      "card": "GINEVRA M WEASLEY",
      "creditAmount": 1924601,
      "date": "2025-02-15T00:00:00.000+00:00",
      "descriptionLines": [
        "AUTOPAY PAYMENT RECEIVED - THANK YOU",
        "Charles Schwab Bank SSB",
      ],
      "kind": "Payment",
      "pageNumber": 3,
      "statementDescription": "AUTOPAY PAYMENT RECEIVED - THANK YOU
Charles Schwab Bank SSB",
    },
  },
  t {
    "isErr": false,
    "isOk": true,
    "value": Credit {
      "amount": 1000,
      "card": "HARRY POTTER",
      "creditAmount": 1000,
      "date": "2025-02-20T00:00:00.000+00:00",
      "descriptionLines": [
        "AplPay RUNSIGNUP*SIGNUP *RIDESANTABARBARA1",
        "MOORESTOWN           NJ",
        "CHARITABLE ORG",
      ],
      "kind": "Credit",
      "pageNumber": 3,
      "statementDescription": "AplPay RUNSIGNUP*SIGNUP *RIDESANTABARBARA1
MOORESTOWN           NJ
CHARITABLE ORG",
    },
  },
  t {
    "isErr": false,
    "isOk": true,
    "value": Charge {
      "amount": -4745,
      "chargeAmount": 4745,
      "date": "2025-01-24T00:00:00.000+00:00",
      "descriptionLines": [
        "AplPay THE FOUNTAIN OF FAIR FORTUNE K",
      ],
      "kind": "Charge",
      "location": "ORLANDO",
      "pageNumber": 3,
      "state": "FL",
      "statementDescription": "AplPay THE FOUNTAIN OF FAIR FORTUNE K",
    },
  },
  t {
    "isErr": false,
    "isOk": true,
    "value": Charge {
      "amount": -1384,
      "chargeAmount": 1384,
      "date": "2025-01-25T00:00:00.000+00:00",
      "descriptionLines": [
        "AplPay HONEYDUKES",
      ],
      "kind": "Charge",
      "location": "HOGSMEADE HILLS",
      "pageNumber": 3,
      "state": "UK",
      "statementDescription": "AplPay HONEYDUKES",
    },
  },
  t {
    "isErr": false,
    "isOk": true,
    "value": Charge {
      "amount": -4288,
      "chargeAmount": 4288,
      "date": "2025-01-25T00:00:00.000+00:00",
      "descriptionLines": [
        "AplPay QUIDDICH SUPPLY AND BROOM RPR",
      ],
      "kind": "Charge",
      "location": "AVONWICK ISL",
      "pageNumber": 3,
      "state": "SG",
      "statementDescription": "AplPay QUIDDICH SUPPLY AND BROOM RPR",
    },
  },
  t {
    "isErr": false,
    "isOk": true,
    "value": Charge {
      "amount": -3401,
      "chargeAmount": 3401,
      "date": "2025-01-25T00:00:00.000+00:00",
      "descriptionLines": [
        "AplPay RIVER ANON MARKET AND DELI SPRN",
      ],
      "kind": "Charge",
      "location": "RIVER ANON K",
      "pageNumber": 3,
      "state": "SG",
      "statementDescription": "AplPay RIVER ANON MARKET AND DELI SPRN",
    },
  },
  t {
    "isErr": false,
    "isOk": true,
    "value": Charge {
      "amount": -2500,
      "chargeAmount": 2500,
      "date": "2025-01-26T00:00:00.000+00:00",
      "descriptionLines": [
        "EXPRESS FLOO NTWK",
      ],
      "kind": "Charge",
      "location": "CROSBY",
      "pageNumber": 3,
      "state": "ON",
      "statementDescription": "EXPRESS FLOO NTWK",
    },
  },
  t {
    "isErr": false,
    "isOk": true,
    "value": Charge {
      "amount": -12066,
      "chargeAmount": 12066,
      "date": "2025-01-27T00:00:00.000+00:00",
      "descriptionLines": [
        "WITCHY FIX",
      ],
      "kind": "Charge",
      "location": "SAN FRANCISCO",
      "pageNumber": 3,
      "state": "CA",
      "statementDescription": "WITCHY FIX",
    },
  },
  t {
    "isErr": false,
    "isOk": true,
    "value": Charge {
      "amount": -14385,
      "chargeAmount": 14385,
      "date": "2025-01-29T00:00:00.000+00:00",
      "descriptionLines": [
        "OLIVANDERS",
      ],
      "kind": "Charge",
      "location": "(800)WER-WAND",
      "pageNumber": 4,
      "state": "LN",
      "statementDescription": "OLIVANDERS",
    },
  },
  t {
    "isErr": false,
    "isOk": true,
    "value": Charge {
      "amount": -11282,
      "chargeAmount": 11282,
      "date": "2025-01-31T00:00:00.000+00:00",
      "descriptionLines": [
        "TST* LEADKY CAULDRON BB 00820484",
      ],
      "kind": "Charge",
      "location": "DIAGONA",
      "pageNumber": 4,
      "state": "LN",
      "statementDescription": "TST* LEADKY CAULDRON BB 00820484",
    },
  },
  t {
    "isErr": false,
    "isOk": true,
    "value": Charge {
      "amount": -5562,
      "chargeAmount": 5562,
      "date": "2025-01-31T00:00:00.000+00:00",
      "descriptionLines": [
        "FLOURISH AND BLOTTS BOOK",
      ],
      "kind": "Charge",
      "location": "FLRNB.COM/DIA",
      "pageNumber": 4,
      "state": "LN",
      "statementDescription": "FLOURISH AND BLOTTS BOOK",
    },
  },
  t {
    "isErr": false,
    "isOk": true,
    "value": Charge {
      "amount": -9668,
      "chargeAmount": 9668,
      "date": "2025-01-31T00:00:00.000+00:00",
      "descriptionLines": [
        "WEASLEYS WIZ WHEEZE",
      ],
      "kind": "Charge",
      "location": "LONDON",
      "pageNumber": 4,
      "state": "LN",
      "statementDescription": "WEASLEYS WIZ WHEEZE",
    },
  },
  t {
    "isErr": false,
    "isOk": true,
    "value": Charge {
      "amount": -5203,
      "chargeAmount": 5203,
      "date": "2025-02-01T00:00:00.000+00:00",
      "descriptionLines": [
        "AMAZON MARKETPLACE NA PA",
      ],
      "kind": "Charge",
      "location": "AMZN.COM/BILL",
      "pageNumber": 4,
      "state": "WA",
      "statementDescription": "AMAZON MARKETPLACE NA PA",
    },
  },
  t {
    "isErr": false,
    "isOk": true,
    "value": Charge {
      "amount": -10093,
      "chargeAmount": 10093,
      "date": "2025-02-01T00:00:00.000+00:00",
      "descriptionLines": [
        "AplPay BT*DD *DOORDASH PIESNMORE",
      ],
      "kind": "Charge",
      "location": "SAN FRANCISCO",
      "pageNumber": 4,
      "state": "CA",
      "statementDescription": "AplPay BT*DD *DOORDASH PIESNMORE",
    },
  },
  t {
    "isErr": false,
    "isOk": true,
    "value": Charge {
      "amount": -26400,
      "chargeAmount": 26400,
      "date": "2025-02-01T00:00:00.000+00:00",
      "descriptionLines": [
        "STARGAZER TUTORS OF MA",
      ],
      "kind": "Charge",
      "location": "OXFORD",
      "pageNumber": 4,
      "state": "OX",
      "statementDescription": "STARGAZER TUTORS OF MA",
    },
  },
  t {
    "isErr": false,
    "isOk": true,
    "value": Charge {
      "amount": -4500,
      "chargeAmount": 4500,
      "date": "2025-02-03T00:00:00.000+00:00",
      "descriptionLines": [
        "AplPay WIX*WP*SUDSANDSOAP LAUND",
      ],
      "kind": "Charge",
      "location": "NEW YORK",
      "pageNumber": 4,
      "state": "NY",
      "statementDescription": "AplPay WIX*WP*SUDSANDSOAP LAUND",
    },
  },
  t {
    "isErr": false,
    "isOk": true,
    "value": Charge {
      "amount": -16446,
      "chargeAmount": 16446,
      "date": "2025-02-03T00:00:00.000+00:00",
      "descriptionLines": [
        "AplPay BT*DD *DOORDASH TROLLDEN",
      ],
      "kind": "Charge",
      "location": "SAN FRANCISCO",
      "pageNumber": 4,
      "state": "CA",
      "statementDescription": "AplPay BT*DD *DOORDASH TROLLDEN",
    },
  },
  t {
    "isErr": false,
    "isOk": true,
    "value": Charge {
      "amount": -10288,
      "chargeAmount": 10288,
      "date": "2025-02-03T00:00:00.000+00:00",
      "descriptionLines": [
        "AplPay PEVERAL MARKET",
      ],
      "kind": "Charge",
      "location": "GODRICS",
      "pageNumber": 4,
      "state": "WA",
      "statementDescription": "AplPay PEVERAL MARKET",
    },
  },
  t {
    "isErr": false,
    "isOk": true,
    "value": Charge {
      "amount": -1799,
      "chargeAmount": 1799,
      "date": "2025-02-03T00:00:00.000+00:00",
      "descriptionLines": [
        "AplPay DAILY PROPHET SUBSCRIPT 00",
      ],
      "kind": "Charge",
      "location": "CARDIFF SHORE",
      "pageNumber": 4,
      "state": "WA",
      "statementDescription": "AplPay DAILY PROPHET SUBSCRIPT 00",
    },
  },
  t {
    "isErr": false,
    "isOk": true,
    "value": Charge {
      "amount": -3000,
      "chargeAmount": 3000,
      "date": "2025-02-03T00:00:00.000+00:00",
      "descriptionLines": [
        "AplPay KNIGHT BUS MOBILE BILLING 000009388",
      ],
      "kind": "Charge",
      "location": "CONCORD",
      "pageNumber": 4,
      "state": "SU",
      "statementDescription": "AplPay KNIGHT BUS MOBILE BILLING 000009388",
    },
  },
  t {
    "isErr": false,
    "isOk": true,
    "value": Charge {
      "amount": -3215,
      "chargeAmount": 3215,
      "date": "2025-02-04T00:00:00.000+00:00",
      "descriptionLines": [
        "AplPay SP HONG SON",
      ],
      "kind": "Charge",
      "location": "MONG KOK",
      "pageNumber": 4,
      "state": "HK",
      "statementDescription": "AplPay SP HONG SON",
    },
  },
  t {
    "isErr": false,
    "isOk": true,
    "value": Charge {
      "amount": -4000,
      "chargeAmount": 4000,
      "date": "2025-02-04T00:00:00.000+00:00",
      "descriptionLines": [
        "FD *CHRH ENGD",
      ],
      "kind": "Charge",
      "location": "LONDON",
      "pageNumber": 4,
      "state": "UK",
      "statementDescription": "FD *CHRH ENGD",
    },
  },
  t {
    "isErr": false,
    "isOk": true,
    "value": Charge {
      "amount": -76000,
      "chargeAmount": 76000,
      "date": "2025-02-05T00:00:00.000+00:00",
      "descriptionLines": [
        "HOGWARTS TUITION AND LODGING 00099331",
      ],
      "kind": "Charge",
      "location": "THURSO",
      "pageNumber": 4,
      "state": "SC",
      "statementDescription": "HOGWARTS TUITION AND LODGING 00099331",
    },
  },
  t {
    "isErr": false,
    "isOk": true,
    "value": Charge {
      "amount": -24900,
      "chargeAmount": 24900,
      "date": "2025-02-06T00:00:00.000+00:00",
      "descriptionLines": [
        "PENGUIN CLEANERS",
      ],
      "kind": "Charge",
      "location": "KENT",
      "pageNumber": 4,
      "state": "GB",
      "statementDescription": "PENGUIN CLEANERS",
    },
  },
  t {
    "isErr": false,
    "isOk": true,
    "value": Charge {
      "amount": -18533,
      "chargeAmount": 18533,
      "date": "2025-02-06T00:00:00.000+00:00",
      "descriptionLines": [
        "AplPay BT*DD *DOORDASH THESTRAL",
      ],
      "kind": "Charge",
      "location": "INVERNESS",
      "pageNumber": 4,
      "state": "SC",
      "statementDescription": "AplPay BT*DD *DOORDASH THESTRAL",
    },
  },
  t {
    "isErr": false,
    "isOk": true,
    "value": Charge {
      "amount": -1500,
      "chargeAmount": 1500,
      "date": "2025-02-06T00:00:00.000+00:00",
      "descriptionLines": [
        "AplPay WITCH DOCTOR INS 133",
      ],
      "kind": "Charge",
      "location": "CARDIFF",
      "pageNumber": 4,
      "state": "WA",
      "statementDescription": "AplPay WITCH DOCTOR INS 133",
    },
  },
  t {
    "isErr": false,
    "isOk": true,
    "value": Charge {
      "amount": -2299,
      "chargeAmount": 2299,
      "date": "2025-02-07T00:00:00.000+00:00",
      "descriptionLines": [
        "GOOGLE *YOUTUBEPREMIUM",
      ],
      "kind": "Charge",
      "location": "G.CO/HELPPAY#",
      "pageNumber": 4,
      "state": "CA",
      "statementDescription": "GOOGLE *YOUTUBEPREMIUM",
    },
  },
  t {
    "isErr": false,
    "isOk": true,
    "value": Charge {
      "amount": -985,
      "chargeAmount": 985,
      "date": "2025-02-08T00:00:00.000+00:00",
      "descriptionLines": [
        "AplPay ETSY, INC.",
      ],
      "kind": "Charge",
      "location": "BROOKLYN",
      "pageNumber": 4,
      "state": "NY",
      "statementDescription": "AplPay ETSY, INC.",
    },
  },
  t {
    "isErr": false,
    "isOk": true,
    "value": Charge {
      "amount": -299,
      "chargeAmount": 299,
      "date": "2025-02-08T00:00:00.000+00:00",
      "descriptionLines": [
        "QUIBBLER SUBSCRIPT",
      ],
      "kind": "Charge",
      "location": "Q.PAPER/NEWS#",
      "pageNumber": 4,
      "state": "SU",
      "statementDescription": "QUIBBLER SUBSCRIPT",
    },
  },
  t {
    "isErr": false,
    "isOk": true,
    "value": Charge {
      "amount": -99,
      "chargeAmount": 99,
      "date": "2025-02-09T00:00:00.000+00:00",
      "descriptionLines": [
        "Audible",
      ],
      "kind": "Charge",
      "location": "audible.com",
      "pageNumber": 4,
      "state": "NJ",
      "statementDescription": "Audible",
    },
  },
  t {
    "isErr": false,
    "isOk": true,
    "value": Charge {
      "amount": -3084,
      "chargeAmount": 3084,
      "date": "2025-02-10T00:00:00.000+00:00",
      "descriptionLines": [
        "AplPay ROSAMUNDE SAUSAGE#",
      ],
      "kind": "Charge",
      "location": "ULLAPOO",
      "pageNumber": 4,
      "state": "SC",
      "statementDescription": "AplPay ROSAMUNDE SAUSAGE#",
    },
  },
  t {
    "isErr": false,
    "isOk": true,
    "value": Charge {
      "amount": -3900,
      "chargeAmount": 3900,
      "date": "2025-02-11T00:00:00.000+00:00",
      "descriptionLines": [
        "HAVERFORD CHARITY ORG#",
      ],
      "kind": "Charge",
      "location": "PROVIDENCE",
      "pageNumber": 4,
      "state": "RI",
      "statementDescription": "HAVERFORD CHARITY ORG#",
    },
  },
  t {
    "isErr": false,
    "isOk": true,
    "value": Charge {
      "amount": -535,
      "chargeAmount": 535,
      "date": "2025-02-11T00:00:00.000+00:00",
      "descriptionLines": [
        "AplPay SAINSBURYS",
      ],
      "kind": "Charge",
      "location": "GLENCOE",
      "pageNumber": 4,
      "state": "SC",
      "statementDescription": "AplPay SAINSBURYS",
    },
  },
  t {
    "isErr": false,
    "isOk": true,
    "value": Charge {
      "amount": -16621,
      "chargeAmount": 16621,
      "date": "2025-02-11T00:00:00.000+00:00",
      "descriptionLines": [
        "ORANGE MOBILE RECURRING",
      ],
      "kind": "Charge",
      "location": "800-288-3948",
      "pageNumber": 4,
      "state": "UK",
      "statementDescription": "ORANGE MOBILE RECURRING",
    },
  },
  t {
    "isErr": false,
    "isOk": true,
    "value": Charge {
      "amount": -46860,
      "chargeAmount": 46860,
      "date": "2025-02-11T00:00:00.000+00:00",
      "descriptionLines": [
        "AplPay MORRISONS",
      ],
      "kind": "Charge",
      "location": "GLENCOE",
      "pageNumber": 4,
      "state": "SC",
      "statementDescription": "AplPay MORRISONS",
    },
  },
  t {
    "isErr": false,
    "isOk": true,
    "value": Charge {
      "amount": -2642,
      "chargeAmount": 2642,
      "date": "2025-02-12T00:00:00.000+00:00",
      "descriptionLines": [
        "AplPay PRET COFF",
      ],
      "kind": "Charge",
      "location": "INVERNE",
      "pageNumber": 4,
      "state": "UK",
      "statementDescription": "AplPay PRET COFF",
    },
  },
  t {
    "isErr": false,
    "isOk": true,
    "value": Charge {
      "amount": -395,
      "chargeAmount": 395,
      "date": "2025-02-12T00:00:00.000+00:00",
      "descriptionLines": [
        "AplPay PRET COFF",
      ],
      "kind": "Charge",
      "location": "INVERNE",
      "pageNumber": 5,
      "state": "UK",
      "statementDescription": "AplPay PRET COFF",
    },
  },
  t {
    "isErr": false,
    "isOk": true,
    "value": Charge {
      "amount": -5100,
      "chargeAmount": 5100,
      "date": "2025-02-12T00:00:00.000+00:00",
      "descriptionLines": [
        "TST* CHIANG MAI THAI NOOD 00029288",
      ],
      "kind": "Charge",
      "location": "PLOCKTO",
      "pageNumber": 5,
      "state": "SC",
      "statementDescription": "TST* CHIANG MAI THAI NOOD 00029288",
    },
  },
  t {
    "isErr": false,
    "isOk": true,
    "value": Charge {
      "amount": -974,
      "chargeAmount": 974,
      "date": "2025-02-13T00:00:00.000+00:00",
      "descriptionLines": [
        "KINDLE SVCS*C832E77T1",
      ],
      "kind": "Charge",
      "location": "888-301-3323",
      "pageNumber": 5,
      "state": "WA",
      "statementDescription": "KINDLE SVCS*C832E77T1",
    },
  },
  t {
    "isErr": false,
    "isOk": true,
    "value": Charge {
      "amount": -899,
      "chargeAmount": 899,
      "date": "2025-02-13T00:00:00.000+00:00",
      "descriptionLines": [
        "BUY N LARGE *TX08D1N44",
      ],
      "kind": "Charge",
      "location": "888-413-8394",
      "pageNumber": 5,
      "state": "WA",
      "statementDescription": "BUY N LARGE *TX08D1N44",
    },
  },
  t {
    "isErr": false,
    "isOk": true,
    "value": Charge {
      "amount": -1061,
      "chargeAmount": 1061,
      "date": "2025-02-13T00:00:00.000+00:00",
      "descriptionLines": [
        "PY *PAPER SOURCE UK",
      ],
      "kind": "Charge",
      "location": "FORTROSE",
      "pageNumber": 5,
      "state": "SC",
      "statementDescription": "PY *PAPER SOURCE UK",
    },
  },
  t {
    "isErr": false,
    "isOk": true,
    "value": Charge {
      "amount": -91239,
      "chargeAmount": 91239,
      "date": "2025-02-14T00:00:00.000+00:00",
      "descriptionLines": [
        "FANTASTICBEASTS.CO",
      ],
      "kind": "Charge",
      "location": "ABERFELDY",
      "pageNumber": 5,
      "state": "SC",
      "statementDescription": "FANTASTICBEASTS.CO",
    },
  },
  t {
    "isErr": false,
    "isOk": true,
    "value": Charge {
      "amount": -1570,
      "chargeAmount": 1570,
      "date": "2025-02-14T00:00:00.000+00:00",
      "descriptionLines": [
        "AMAZON.COM",
      ],
      "kind": "Charge",
      "location": "AMZN.COM/BILL",
      "pageNumber": 5,
      "state": "WA",
      "statementDescription": "AMAZON.COM",
    },
  },
  t {
    "isErr": false,
    "isOk": true,
    "value": Charge {
      "amount": -2352,
      "chargeAmount": 2352,
      "date": "2025-02-14T00:00:00.000+00:00",
      "descriptionLines": [
        "AplPay QUIK FOOD 2 GO MBL APP",
      ],
      "kind": "Charge",
      "location": "BRAEMAR",
      "pageNumber": 5,
      "state": "SC",
      "statementDescription": "AplPay QUIK FOOD 2 GO MBL APP",
    },
  },
  t {
    "isErr": false,
    "isOk": true,
    "value": Charge {
      "amount": -3654,
      "chargeAmount": 3654,
      "date": "2025-02-15T00:00:00.000+00:00",
      "descriptionLines": [
        "AplPay TAHINA",
      ],
      "kind": "Charge",
      "location": "HORNBOW",
      "pageNumber": 5,
      "state": "SC",
      "statementDescription": "AplPay TAHINA",
    },
  },
  t {
    "isErr": false,
    "isOk": true,
    "value": Charge {
      "amount": -300,
      "chargeAmount": 300,
      "date": "2025-02-15T00:00:00.000+00:00",
      "descriptionLines": [
        "AplPay SUSHI NOW",
      ],
      "kind": "Charge",
      "location": "NOTTING",
      "pageNumber": 5,
      "state": "UK",
      "statementDescription": "AplPay SUSHI NOW",
    },
  },
  t {
    "isErr": false,
    "isOk": true,
    "value": Charge {
      "amount": -1432,
      "chargeAmount": 1432,
      "date": "2025-02-16T00:00:00.000+00:00",
      "descriptionLines": [
        "AplPay DR. MYSTERIO & MR. CHO",
      ],
      "kind": "Charge",
      "location": "TRENTON",
      "pageNumber": 5,
      "state": "MI",
      "statementDescription": "AplPay DR. MYSTERIO & MR. CHO",
    },
  },
  t {
    "isErr": false,
    "isOk": true,
    "value": Charge {
      "amount": -3958,
      "chargeAmount": 3958,
      "date": "2025-02-16T00:00:00.000+00:00",
      "descriptionLines": [
        "TST* SHUN TSAO CHINESE RE 00828856",
      ],
      "kind": "Charge",
      "location": "SAN FRANCISCO",
      "pageNumber": 5,
      "state": "CA",
      "statementDescription": "TST* SHUN TSAO CHINESE RE 00828856",
    },
  },
  t {
    "isErr": false,
    "isOk": true,
    "value": Charge {
      "amount": -1812,
      "chargeAmount": 1812,
      "date": "2025-02-19T00:00:00.000+00:00",
      "descriptionLines": [
        "AplPay ETSY, INC.",
      ],
      "kind": "Charge",
      "location": "BROOKLYN",
      "pageNumber": 5,
      "state": "NY",
      "statementDescription": "AplPay ETSY, INC.",
    },
  },
  t {
    "isErr": false,
    "isOk": true,
    "value": Charge {
      "amount": -3195,
      "chargeAmount": 3195,
      "date": "2025-01-24T00:00:00.000+00:00",
      "descriptionLines": [
        "AplPay HOLIDAY MARKET #65 1793",
      ],
      "kind": "Charge",
      "location": "SOUTH HOLLOW",
      "pageNumber": 5,
      "state": "UK",
      "statementDescription": "AplPay HOLIDAY MARKET #65 1793",
    },
  },
  t {
    "isErr": false,
    "isOk": true,
    "value": Charge {
      "amount": -11439,
      "chargeAmount": 11439,
      "date": "2025-01-26T00:00:00.000+00:00",
      "descriptionLines": [
        "AplPay BT*DD *DOORDASH NEPAL 2GO",
      ],
      "kind": "Charge",
      "location": "SAN FRANCISCO",
      "pageNumber": 5,
      "state": "CA",
      "statementDescription": "AplPay BT*DD *DOORDASH NEPAL 2GO",
    },
  },
  t {
    "isErr": false,
    "isOk": true,
    "value": Charge {
      "amount": -799,
      "chargeAmount": 799,
      "date": "2025-01-26T00:00:00.000+00:00",
      "descriptionLines": [
        "KINDLE SVCS*ZG3LT2HD1",
      ],
      "kind": "Charge",
      "location": "888-738-3181",
      "pageNumber": 5,
      "state": "WA",
      "statementDescription": "KINDLE SVCS*ZG3LT2HD1",
    },
  },
  t {
    "isErr": false,
    "isOk": true,
    "value": Charge {
      "amount": -1504,
      "chargeAmount": 1504,
      "date": "2025-01-26T00:00:00.000+00:00",
      "descriptionLines": [
        "AplPay TST* CAFFE NERO - PIEDM 00283310",
      ],
      "kind": "Charge",
      "location": "PIEDMONT",
      "pageNumber": 5,
      "state": "CA",
      "statementDescription": "AplPay TST* CAFFE NERO - PIEDM 00283310",
    },
  },
  t {
    "isErr": false,
    "isOk": true,
    "value": Charge {
      "amount": -14301,
      "chargeAmount": 14301,
      "date": "2025-01-26T00:00:00.000+00:00",
      "descriptionLines": [
        "AplPay PEVERAL MARKET",
      ],
      "kind": "Charge",
      "location": "GODRICS",
      "pageNumber": 5,
      "state": "WA",
      "statementDescription": "AplPay PEVERAL MARKET",
    },
  },
  t {
    "isErr": false,
    "isOk": true,
    "value": Charge {
      "amount": -1796,
      "chargeAmount": 1796,
      "date": "2025-01-27T00:00:00.000+00:00",
      "descriptionLines": [
        "AplPay TRIWIZARD COFFEE CO.",
      ],
      "kind": "Charge",
      "location": "Glenoaks",
      "pageNumber": 5,
      "state": "CA",
      "statementDescription": "AplPay TRIWIZARD COFFEE CO.",
    },
  },
  t {
    "isErr": false,
    "isOk": true,
    "value": Charge {
      "amount": -3454,
      "chargeAmount": 3454,
      "date": "2025-01-27T00:00:00.000+00:00",
      "descriptionLines": [
        "AplPay WITCH DOCTOR INS 0029",
      ],
      "kind": "Charge",
      "location": "CARDIFF",
      "pageNumber": 5,
      "state": "WA",
      "statementDescription": "AplPay WITCH DOCTOR INS 0029",
    },
  },
  t {
    "isErr": false,
    "isOk": true,
    "value": Charge {
      "amount": -500,
      "chargeAmount": 500,
      "date": "2025-01-28T00:00:00.000+00:00",
      "descriptionLines": [
        "AplPay OCULUS FOUNDATION",
      ],
      "kind": "Charge",
      "location": "GRINDELWALD",
      "pageNumber": 5,
      "state": "JU",
      "statementDescription": "AplPay OCULUS FOUNDATION",
    },
  },
  t {
    "isErr": false,
    "isOk": true,
    "value": Charge {
      "amount": -4326,
      "chargeAmount": 4326,
      "date": "2025-01-28T00:00:00.000+00:00",
      "descriptionLines": [
        "GRANGER PEDIATRIC DENTIST 180072248290",
      ],
      "kind": "Charge",
      "location": "SURREY",
      "pageNumber": 5,
      "state": "UK",
      "statementDescription": "GRANGER PEDIATRIC DENTIST 180072248290",
    },
  },
  t {
    "isErr": false,
    "isOk": true,
    "value": Charge {
      "amount": -500,
      "chargeAmount": 500,
      "date": "2025-02-01T00:00:00.000+00:00",
      "descriptionLines": [
        "PATREON",
      ],
      "kind": "Charge",
      "location": "SAN FRANCISCO",
      "pageNumber": 5,
      "state": "CA",
      "statementDescription": "PATREON",
    },
  },
  t {
    "isErr": false,
    "isOk": true,
    "value": Charge {
      "amount": -105116,
      "chargeAmount": 105116,
      "date": "2025-02-01T00:00:00.000+00:00",
      "descriptionLines": [
        "MONTCROSS CLUB & SPA",
      ],
      "kind": "Charge",
      "location": "LUGANO",
      "pageNumber": 5,
      "state": "SW",
      "statementDescription": "MONTCROSS CLUB & SPA",
    },
  },
  t {
    "isErr": false,
    "isOk": true,
    "value": Charge {
      "amount": -62,
      "chargeAmount": 62,
      "date": "2025-02-01T00:00:00.000+00:00",
      "descriptionLines": [
        "FLY.IO",
      ],
      "kind": "Charge",
      "location": "SAN FRANCISCO",
      "pageNumber": 5,
      "state": "CA",
      "statementDescription": "FLY.IO",
    },
  },
  t {
    "isErr": false,
    "isOk": true,
    "value": Charge {
      "amount": -10599,
      "chargeAmount": 10599,
      "date": "2025-02-01T00:00:00.000+00:00",
      "descriptionLines": [
        "SP COMETEER",
      ],
      "kind": "Charge",
      "location": "GLOUCESTER",
      "pageNumber": 6,
      "state": "MA",
      "statementDescription": "SP COMETEER",
    },
  },
  t {
    "isErr": false,
    "isOk": true,
    "value": Charge {
      "amount": -100000,
      "chargeAmount": 100000,
      "date": "2025-02-01T00:00:00.000+00:00",
      "descriptionLines": [
        "GREAT AND POWERFUL OZ CO",
      ],
      "kind": "Charge",
      "location": "EMERALD",
      "pageNumber": 6,
      "state": "OZ",
      "statementDescription": "GREAT AND POWERFUL OZ CO",
    },
  },
  t {
    "isErr": false,
    "isOk": true,
    "value": Charge {
      "amount": -3267,
      "chargeAmount": 3267,
      "date": "2025-02-02T00:00:00.000+00:00",
      "descriptionLines": [
        "HOUSE ELF HIDEAWAY 820000038883291",
      ],
      "kind": "Charge",
      "location": "LONDON",
      "pageNumber": 6,
      "state": "UK",
      "statementDescription": "HOUSE ELF HIDEAWAY 820000038883291",
    },
  },
  t {
    "isErr": false,
    "isOk": true,
    "value": Charge {
      "amount": -400,
      "chargeAmount": 400,
      "date": "2025-02-04T00:00:00.000+00:00",
      "descriptionLines": [
        "IMPARK00270111A",
      ],
      "kind": "Charge",
      "location": "SAN FRANCISCO",
      "pageNumber": 6,
      "state": "CA",
      "statementDescription": "IMPARK00270111A",
    },
  },
  t {
    "isErr": false,
    "isOk": true,
    "value": Charge {
      "amount": -400,
      "chargeAmount": 400,
      "date": "2025-02-05T00:00:00.000+00:00",
      "descriptionLines": [
        "AplPay DAILY PROPHET GAMES DIGITAL",
      ],
      "kind": "Charge",
      "location": "(800)321-5678",
      "pageNumber": 6,
      "state": "UK",
      "statementDescription": "AplPay DAILY PROPHET GAMES DIGITAL",
    },
  },
  t {
    "isErr": false,
    "isOk": true,
    "value": Charge {
      "amount": -11093,
      "chargeAmount": 11093,
      "date": "2025-02-06T00:00:00.000+00:00",
      "descriptionLines": [
        "AMAZON.COM",
      ],
      "kind": "Charge",
      "location": "AMZN.COM/BILL",
      "pageNumber": 6,
      "state": "WA",
      "statementDescription": "AMAZON.COM",
    },
  },
  t {
    "isErr": false,
    "isOk": true,
    "value": Charge {
      "amount": -7999,
      "chargeAmount": 7999,
      "date": "2025-02-07T00:00:00.000+00:00",
      "descriptionLines": [
        "VINTAGE BROOM",
      ],
      "kind": "Charge",
      "location": "PORTLAND",
      "pageNumber": 6,
      "state": "OR",
      "statementDescription": "VINTAGE BROOM",
    },
  },
  t {
    "isErr": false,
    "isOk": true,
    "value": Charge {
      "amount": -7336,
      "chargeAmount": 7336,
      "date": "2025-02-07T00:00:00.000+00:00",
      "descriptionLines": [
        "AplPay PEVERAL MARKET",
      ],
      "kind": "Charge",
      "location": "GODRICS",
      "pageNumber": 6,
      "state": "WA",
      "statementDescription": "AplPay PEVERAL MARKET",
    },
  },
  t {
    "isErr": false,
    "isOk": true,
    "value": Charge {
      "amount": -11882,
      "chargeAmount": 11882,
      "date": "2025-02-08T00:00:00.000+00:00",
      "descriptionLines": [
        "AplPay CRAFT BEER AND WINE 000000001",
      ],
      "kind": "Charge",
      "location": "GODRICS",
      "pageNumber": 6,
      "state": "WA",
      "statementDescription": "AplPay CRAFT BEER AND WINE 000000001",
    },
  },
  t {
    "isErr": false,
    "isOk": true,
    "value": Charge {
      "amount": -5400,
      "chargeAmount": 5400,
      "date": "2025-02-09T00:00:00.000+00:00",
      "descriptionLines": [
        "AplPay LET IT GROW",
      ],
      "kind": "Charge",
      "location": "GODRICS",
      "pageNumber": 6,
      "state": "WA",
      "statementDescription": "AplPay LET IT GROW",
    },
  },
  t {
    "isErr": false,
    "isOk": true,
    "value": Charge {
      "amount": -450,
      "chargeAmount": 450,
      "date": "2025-02-09T00:00:00.000+00:00",
      "descriptionLines": [
        "AplPay THE LOCAL",
      ],
      "kind": "Charge",
      "location": "GODRICS",
      "pageNumber": 6,
      "state": "WA",
      "statementDescription": "AplPay THE LOCAL",
    },
  },
  t {
    "isErr": false,
    "isOk": true,
    "value": Charge {
      "amount": -500,
      "chargeAmount": 500,
      "date": "2025-02-09T00:00:00.000+00:00",
      "descriptionLines": [
        "GOZER",
      ],
      "kind": "Charge",
      "location": "SAN FRANCISCO",
      "pageNumber": 6,
      "state": "CA",
      "statementDescription": "GOZER",
    },
  },
  t {
    "isErr": false,
    "isOk": true,
    "value": Charge {
      "amount": -9496,
      "chargeAmount": 9496,
      "date": "2025-02-09T00:00:00.000+00:00",
      "descriptionLines": [
        "SP HATSHP",
      ],
      "kind": "Charge",
      "location": "CENTRAL AND WESTERN D",
      "pageNumber": 6,
      "state": "HK",
      "statementDescription": "SP HATSHP",
    },
  },
  t {
    "isErr": false,
    "isOk": true,
    "value": Charge {
      "amount": -1545,
      "chargeAmount": 1545,
      "date": "2025-02-09T00:00:00.000+00:00",
      "descriptionLines": [
        "AMAZON MARKETPLACE NA PA",
      ],
      "kind": "Charge",
      "location": "AMZN.COM/BILL",
      "pageNumber": 6,
      "state": "WA",
      "statementDescription": "AMAZON MARKETPLACE NA PA",
    },
  },
  t {
    "isErr": false,
    "isOk": true,
    "value": Charge {
      "amount": -8305,
      "chargeAmount": 8305,
      "date": "2025-02-09T00:00:00.000+00:00",
      "descriptionLines": [
        "AMAZON.COM",
      ],
      "kind": "Charge",
      "location": "AMZN.COM/BILL",
      "pageNumber": 6,
      "state": "WA",
      "statementDescription": "AMAZON.COM",
    },
  },
  t {
    "isErr": false,
    "isOk": true,
    "value": Charge {
      "amount": -3213,
      "chargeAmount": 3213,
      "date": "2025-02-09T00:00:00.000+00:00",
      "descriptionLines": [
        "AMAZON.COM",
      ],
      "kind": "Charge",
      "location": "AMZN.COM/BILL",
      "pageNumber": 6,
      "state": "WA",
      "statementDescription": "AMAZON.COM",
    },
  },
  t {
    "isErr": false,
    "isOk": true,
    "value": Charge {
      "amount": -6229,
      "chargeAmount": 6229,
      "date": "2025-02-10T00:00:00.000+00:00",
      "descriptionLines": [
        "AplPay PEVERAL MARKET",
      ],
      "kind": "Charge",
      "location": "GODRICS",
      "pageNumber": 6,
      "state": "WA",
      "statementDescription": "AplPay PEVERAL MARKET",
    },
  },
  t {
    "isErr": false,
    "isOk": true,
    "value": Charge {
      "amount": -1734,
      "chargeAmount": 1734,
      "date": "2025-02-10T00:00:00.000+00:00",
      "descriptionLines": [
        "AMAZON.COM",
      ],
      "kind": "Charge",
      "location": "AMZN.COM/BILL",
      "pageNumber": 6,
      "state": "WA",
      "statementDescription": "AMAZON.COM",
    },
  },
  t {
    "isErr": false,
    "isOk": true,
    "value": Charge {
      "amount": -1150,
      "chargeAmount": 1150,
      "date": "2025-02-13T00:00:00.000+00:00",
      "descriptionLines": [
        "AplPay THE GRIND COFFEE & TEA GARD",
      ],
      "kind": "Charge",
      "location": "GODRICS",
      "pageNumber": 6,
      "state": "WA",
      "statementDescription": "AplPay THE GRIND COFFEE & TEA GARD",
    },
  },
  t {
    "isErr": false,
    "isOk": true,
    "value": Charge {
      "amount": -9230,
      "chargeAmount": 9230,
      "date": "2025-02-13T00:00:00.000+00:00",
      "descriptionLines": [
        "AplPay PEVERAL MARKET",
      ],
      "kind": "Charge",
      "location": "GODRICS",
      "pageNumber": 6,
      "state": "WA",
      "statementDescription": "AplPay PEVERAL MARKET",
    },
  },
  t {
    "isErr": false,
    "isOk": true,
    "value": Charge {
      "amount": -2144,
      "chargeAmount": 2144,
      "date": "2025-02-14T00:00:00.000+00:00",
      "descriptionLines": [
        "AplPay TST* UMBRIDGE LAUNDRY SVC 200881977",
      ],
      "kind": "Charge",
      "location": "GODRICS",
      "pageNumber": 6,
      "state": "WA",
      "statementDescription": "AplPay TST* UMBRIDGE LAUNDRY SVC 200881977",
    },
  },
  t {
    "isErr": false,
    "isOk": true,
    "value": Charge {
      "amount": -8834,
      "chargeAmount": 8834,
      "date": "2025-02-14T00:00:00.000+00:00",
      "descriptionLines": [
        "AplPay NOB HILL FOODS",
      ],
      "kind": "Charge",
      "location": "GODRICS",
      "pageNumber": 6,
      "state": "WA",
      "statementDescription": "AplPay NOB HILL FOODS",
    },
  },
  t {
    "isErr": false,
    "isOk": true,
    "value": Charge {
      "amount": -10573,
      "chargeAmount": 10573,
      "date": "2025-02-14T00:00:00.000+00:00",
      "descriptionLines": [
        "DUMBLEDORE ESTATES AND",
      ],
      "kind": "Charge",
      "location": "801-339-0129",
      "pageNumber": 6,
      "state": "CA",
      "statementDescription": "DUMBLEDORE ESTATES AND",
    },
  },
  t {
    "isErr": false,
    "isOk": true,
    "value": Charge {
      "amount": -4736,
      "chargeAmount": 4736,
      "date": "2025-02-15T00:00:00.000+00:00",
      "descriptionLines": [
        "AplPay LONGBOTTOM NTRL GROCERY 1550",
      ],
      "kind": "Charge",
      "location": "GODRICS",
      "pageNumber": 6,
      "state": "WA",
      "statementDescription": "AplPay LONGBOTTOM NTRL GROCERY 1550",
    },
  },
  t {
    "isErr": false,
    "isOk": true,
    "value": Charge {
      "amount": -4658,
      "chargeAmount": 4658,
      "date": "2025-02-15T00:00:00.000+00:00",
      "descriptionLines": [
        "AplPay SUSHI NOW",
      ],
      "kind": "Charge",
      "location": "GODRICS",
      "pageNumber": 6,
      "state": "WA",
      "statementDescription": "AplPay SUSHI NOW",
    },
  },
  t {
    "isErr": false,
    "isOk": true,
    "value": Charge {
      "amount": -17552,
      "chargeAmount": 17552,
      "date": "2025-02-16T00:00:00.000+00:00",
      "descriptionLines": [
        "AplPay PEVERAL MARKET",
      ],
      "kind": "Charge",
      "location": "GODRICS",
      "pageNumber": 6,
      "state": "WA",
      "statementDescription": "AplPay PEVERAL MARKET",
    },
  },
  t {
    "isErr": false,
    "isOk": true,
    "value": Charge {
      "amount": -700,
      "chargeAmount": 700,
      "date": "2025-02-16T00:00:00.000+00:00",
      "descriptionLines": [
        "AplPay RELAY FM",
      ],
      "kind": "Charge",
      "location": "MEMPHIS",
      "pageNumber": 6,
      "state": "TN",
      "statementDescription": "AplPay RELAY FM",
    },
  },
  t {
    "isErr": false,
    "isOk": true,
    "value": Charge {
      "amount": -3500,
      "chargeAmount": 3500,
      "date": "2025-02-17T00:00:00.000+00:00",
      "descriptionLines": [
        "TEAM GODRICS INC",
      ],
      "kind": "Charge",
      "location": "GODRICS",
      "pageNumber": 6,
      "state": "WA",
      "statementDescription": "TEAM GODRICS INC",
    },
  },
  t {
    "isErr": false,
    "isOk": true,
    "value": Charge {
      "amount": -22655,
      "chargeAmount": 22655,
      "date": "2025-02-17T00:00:00.000+00:00",
      "descriptionLines": [
        "TST* THE CAFE '80S WELCOM 00093885",
      ],
      "kind": "Charge",
      "location": "HILL VALLEY",
      "pageNumber": 7,
      "state": "CA",
      "statementDescription": "TST* THE CAFE '80S WELCOM 00093885",
    },
  },
  t {
    "isErr": false,
    "isOk": true,
    "value": Charge {
      "amount": -15441,
      "chargeAmount": 15441,
      "date": "2025-02-18T00:00:00.000+00:00",
      "descriptionLines": [
        "AplPay RUNSIGNUP*SIGNUP *FLYENGLISHCHANNEL",
      ],
      "kind": "Charge",
      "location": "MOORESTOWN",
      "pageNumber": 7,
      "state": "WA",
      "statementDescription": "AplPay RUNSIGNUP*SIGNUP *FLYENGLISHCHANNEL",
    },
  },
  t {
    "isErr": false,
    "isOk": true,
    "value": Charge {
      "amount": -1808,
      "chargeAmount": 1808,
      "date": "2025-02-18T00:00:00.000+00:00",
      "descriptionLines": [
        "AplPay HAVANA TEA COFFEE CO.",
      ],
      "kind": "Charge",
      "location": "GODRICS",
      "pageNumber": 7,
      "state": "WA",
      "statementDescription": "AplPay HAVANA TEA COFFEE CO.",
    },
  },
  t {
    "isErr": false,
    "isOk": true,
    "value": Charge {
      "amount": -400,
      "chargeAmount": 400,
      "date": "2025-02-21T00:00:00.000+00:00",
      "descriptionLines": [
        "UNIVERSALS",
      ],
      "kind": "Charge",
      "location": "888-334-0909",
      "pageNumber": 7,
      "state": "CA",
      "statementDescription": "UNIVERSALS",
    },
  },
  t {
    "isErr": false,
    "isOk": true,
    "value": Charge {
      "amount": -1549,
      "chargeAmount": 1549,
      "date": "2025-02-21T00:00:00.000+00:00",
      "descriptionLines": [
        "NETFLIX.COM",
      ],
      "kind": "Charge",
      "location": "866-579-7172",
      "pageNumber": 7,
      "state": "CA",
      "statementDescription": "NETFLIX.COM",
    },
  },
  t {
    "isErr": false,
    "isOk": true,
    "value": Charge {
      "amount": -10623,
      "chargeAmount": 10623,
      "date": "2025-02-21T00:00:00.000+00:00",
      "descriptionLines": [
        "SP AEROPRESS COFFEE",
      ],
      "kind": "Charge",
      "location": "PALO ALTO",
      "pageNumber": 7,
      "state": "CA",
      "statementDescription": "SP AEROPRESS COFFEE",
    },
  },
]
`;
