// Bun Snapshot v1, https://goo.gl/fbAQLP

exports[`transactions 1`] = `
[
  StatementSummary {
    "account": "829475629059",
    "accountName": "High Yield Investor Checking",
    "accountType": "banking",
    "beginningBalance": 378295,
    "closingDate": DateTime {
      "_zone": SystemZone {},
      "c": {
        "day": 30,
        "hour": 0,
        "millisecond": 0,
        "minute": 0,
        "month": 11,
        "second": 0,
        "year": 2020,
      },
      "invalid": null,
      "isLuxonDateTime": true,
      "loc": Locale {
        "eraCache": {},
        "fastNumbersCached": null,
        "intl": "en-US",
        "locale": "en-US",
        "meridiemCache": null,
        "monthsCache": {
          "format": {},
          "standalone": {},
        },
        "numberingSystem": null,
        "outputCalendar": null,
        "specifiedLocale": null,
        "weekSettings": null,
        "weekdaysCache": {
          "format": {},
          "standalone": {},
        },
      },
      "localWeekData": null,
      "o": -0,
      "ts": 1606694400000,
      "weekData": null,
    },
    "depositsAndCredits": 180424,
    "endingBalance": 159408,
    "interestPaid": 37,
    "otherFees": 0,
    "period": Interval {
      "e": DateTime {
        "_zone": SystemZone {},
        "c": {
          "day": 30,
          "hour": 0,
          "millisecond": 0,
          "minute": 0,
          "month": 11,
          "second": 0,
          "year": 2020,
        },
        "invalid": null,
        "isLuxonDateTime": true,
        "loc": Locale {
          "eraCache": {},
          "fastNumbersCached": null,
          "intl": "en-US",
          "locale": "en-US",
          "meridiemCache": null,
          "monthsCache": {
            "format": {},
            "standalone": {},
          },
          "numberingSystem": null,
          "outputCalendar": null,
          "specifiedLocale": null,
          "weekSettings": null,
          "weekdaysCache": {
            "format": {},
            "standalone": {},
          },
        },
        "localWeekData": null,
        "o": -0,
        "ts": 1606694400000,
        "weekData": null,
      },
      "invalid": null,
      "isLuxonInterval": true,
      "s": DateTime {
        "_zone": SystemZone {},
        "c": {
          "day": 31,
          "hour": 0,
          "millisecond": 0,
          "minute": 0,
          "month": 10,
          "second": 0,
          "year": 2020,
        },
        "invalid": null,
        "isLuxonDateTime": true,
        "loc": Locale {
          "eraCache": {},
          "fastNumbersCached": null,
          "intl": "en-US",
          "locale": "en-US",
          "meridiemCache": null,
          "monthsCache": {
            "format": {},
            "standalone": {},
          },
          "numberingSystem": null,
          "outputCalendar": null,
          "specifiedLocale": null,
          "weekSettings": null,
          "weekdaysCache": {
            "format": {},
            "standalone": {},
          },
        },
        "localWeekData": null,
        "o": -0,
        "ts": 1604102400000,
        "weekData": null,
      },
    },
    "withdrawalsAndDebits": -399348,
  },
  ActivityEntry {
    "amount": -28450,
    "balance": 349845,
    "credit": undefined,
    "date": DateTime {
      "_zone": SystemZone {},
      "c": {
        "day": 2,
        "hour": 0,
        "millisecond": 0,
        "minute": 0,
        "month": 11,
        "second": 0,
        "year": 2020,
      },
      "invalid": null,
      "isLuxonDateTime": true,
      "loc": Locale {
        "eraCache": {},
        "fastNumbersCached": null,
        "intl": "en-US",
        "locale": "en-US",
        "meridiemCache": null,
        "monthsCache": {
          "format": {},
          "standalone": {},
        },
        "numberingSystem": null,
        "outputCalendar": null,
        "specifiedLocale": null,
        "weekSettings": null,
        "weekdaysCache": {
          "format": {},
          "standalone": {},
        },
      },
      "localWeekData": null,
      "o": -0,
      "ts": 1604275200000,
      "weekData": null,
    },
    "debit": 28450,
    "description": "MUGGLECARD GGANK PAYMENT 103120",
    "kind": "Charge",
    "pageNumber": 3,
    "statementDescription": "Electronic Withdrawal MUGGLECARD GGANK PAYMENT 103120",
    "type": "Electronic Withdrawal",
  },
  ActivityEntry {
    "amount": -7500,
    "balance": 342345,
    "credit": undefined,
    "date": DateTime {
      "_zone": SystemZone {},
      "c": {
        "day": 2,
        "hour": 0,
        "millisecond": 0,
        "minute": 0,
        "month": 11,
        "second": 0,
        "year": 2020,
      },
      "invalid": null,
      "isLuxonDateTime": true,
      "loc": Locale {
        "eraCache": {},
        "fastNumbersCached": null,
        "intl": "en-US",
        "locale": "en-US",
        "meridiemCache": null,
        "monthsCache": {
          "format": {},
          "standalone": {},
        },
        "numberingSystem": null,
        "outputCalendar": null,
        "specifiedLocale": null,
        "weekSettings": null,
        "weekdaysCache": {
          "format": {},
          "standalone": {},
        },
      },
      "localWeekData": null,
      "o": -0,
      "ts": 1604275200000,
      "weekData": null,
    },
    "debit": 7500,
    "description": "Check Paid #995070",
    "kind": "Check",
    "pageNumber": 3,
    "statementDescription": "Check Check Paid #995070",
    "type": "Check",
  },
  ActivityEntry {
    "amount": -10822,
    "balance": 331523,
    "credit": undefined,
    "date": DateTime {
      "_zone": SystemZone {},
      "c": {
        "day": 2,
        "hour": 0,
        "millisecond": 0,
        "minute": 0,
        "month": 11,
        "second": 0,
        "year": 2020,
      },
      "invalid": null,
      "isLuxonDateTime": true,
      "loc": Locale {
        "eraCache": {},
        "fastNumbersCached": null,
        "intl": "en-US",
        "locale": "en-US",
        "meridiemCache": null,
        "monthsCache": {
          "format": {},
          "standalone": {},
        },
        "numberingSystem": null,
        "outputCalendar": null,
        "specifiedLocale": null,
        "weekSettings": null,
        "weekdaysCache": {
          "format": {},
          "standalone": {},
        },
      },
      "localWeekData": null,
      "o": -0,
      "ts": 1604275200000,
      "weekData": null,
    },
    "debit": 10822,
    "description": "CASH APP*RON WEASL8472364892, CA #000000822048472",
    "kind": "Charge",
    "pageNumber": 3,
    "statementDescription": "Visa Debit Card Purchase CASH APP*RON WEASL8472364892, CA #000000822048472",
    "type": "Visa Debit Card Purchase",
  },
  ActivityEntry {
    "amount": 150000,
    "balance": 481523,
    "credit": 150000,
    "date": DateTime {
      "_zone": SystemZone {},
      "c": {
        "day": 2,
        "hour": 0,
        "millisecond": 0,
        "minute": 0,
        "month": 11,
        "second": 0,
        "year": 2020,
      },
      "invalid": null,
      "isLuxonDateTime": true,
      "loc": Locale {
        "eraCache": {},
        "fastNumbersCached": null,
        "intl": "en-US",
        "locale": "en-US",
        "meridiemCache": null,
        "monthsCache": {
          "format": {},
          "standalone": {},
        },
        "numberingSystem": null,
        "outputCalendar": null,
        "specifiedLocale": null,
        "weekSettings": null,
        "weekdaysCache": {
          "format": {},
          "standalone": {},
        },
      },
      "localWeekData": null,
      "o": -0,
      "ts": 1604275200000,
      "weekData": null,
    },
    "debit": undefined,
    "description": "Transfer from High Yield Checking -5125",
    "kind": "Transfer",
    "pageNumber": 3,
    "statementDescription": "Money Transfer Transfer from High Yield Checking -5125",
    "type": "Money Transfer",
  },
  ActivityEntry {
    "amount": -111111,
    "balance": 370412,
    "credit": undefined,
    "date": DateTime {
      "_zone": SystemZone {},
      "c": {
        "day": 3,
        "hour": 0,
        "millisecond": 0,
        "minute": 0,
        "month": 11,
        "second": 0,
        "year": 2020,
      },
      "invalid": null,
      "isLuxonDateTime": true,
      "loc": Locale {
        "eraCache": {},
        "fastNumbersCached": null,
        "intl": "en-US",
        "locale": "en-US",
        "meridiemCache": null,
        "monthsCache": {
          "format": {},
          "standalone": {},
        },
        "numberingSystem": null,
        "outputCalendar": null,
        "specifiedLocale": null,
        "weekSettings": null,
        "weekdaysCache": {
          "format": {},
          "standalone": {},
        },
      },
      "localWeekData": null,
      "o": -0,
      "ts": 1604361600000,
      "weekData": null,
    },
    "debit": 111111,
    "description": "QUICKEN LOANS MTG PYMTS 832047",
    "kind": "Charge",
    "pageNumber": 4,
    "statementDescription": "Electronic Withdrawal QUICKEN LOANS MTG PYMTS 832047",
    "type": "Electronic Withdrawal",
  },
  ActivityEntry {
    "amount": -8000,
    "balance": 362412,
    "credit": undefined,
    "date": DateTime {
      "_zone": SystemZone {},
      "c": {
        "day": 9,
        "hour": 0,
        "millisecond": 0,
        "minute": 0,
        "month": 11,
        "second": 0,
        "year": 2020,
      },
      "invalid": null,
      "isLuxonDateTime": true,
      "loc": Locale {
        "eraCache": {},
        "fastNumbersCached": null,
        "intl": "en-US",
        "locale": "en-US",
        "meridiemCache": null,
        "monthsCache": {
          "format": {},
          "standalone": {},
        },
        "numberingSystem": null,
        "outputCalendar": null,
        "specifiedLocale": null,
        "weekSettings": null,
        "weekdaysCache": {
          "format": {},
          "standalone": {},
        },
      },
      "localWeekData": null,
      "o": -0,
      "ts": 1604880000000,
      "weekData": null,
    },
    "debit": 8000,
    "description": "Check Paid #995071",
    "kind": "Check",
    "pageNumber": 4,
    "statementDescription": "Check Check Paid #995071",
    "type": "Check",
  },
  ActivityEntry {
    "amount": 30424,
    "balance": 392836,
    "credit": 30424,
    "date": DateTime {
      "_zone": SystemZone {},
      "c": {
        "day": 13,
        "hour": 0,
        "millisecond": 0,
        "minute": 0,
        "month": 11,
        "second": 0,
        "year": 2020,
      },
      "invalid": null,
      "isLuxonDateTime": true,
      "loc": Locale {
        "eraCache": {},
        "fastNumbersCached": null,
        "intl": "en-US",
        "locale": "en-US",
        "meridiemCache": null,
        "monthsCache": {
          "format": {},
          "standalone": {},
        },
        "numberingSystem": null,
        "outputCalendar": null,
        "specifiedLocale": null,
        "weekSettings": null,
        "weekdaysCache": {
          "format": {},
          "standalone": {},
        },
      },
      "localWeekData": null,
      "o": -0,
      "ts": 1605225600000,
      "weekData": null,
    },
    "debit": undefined,
    "description": "Square Inc * Cash App 949257",
    "kind": "Deposit",
    "pageNumber": 4,
    "statementDescription": "Electronic Deposit Square Inc * Cash App 949257",
    "type": "Electronic Deposit",
  },
  ActivityEntry {
    "amount": -49401,
    "balance": 343435,
    "credit": undefined,
    "date": DateTime {
      "_zone": SystemZone {},
      "c": {
        "day": 17,
        "hour": 0,
        "millisecond": 0,
        "minute": 0,
        "month": 11,
        "second": 0,
        "year": 2020,
      },
      "invalid": null,
      "isLuxonDateTime": true,
      "loc": Locale {
        "eraCache": {},
        "fastNumbersCached": null,
        "intl": "en-US",
        "locale": "en-US",
        "meridiemCache": null,
        "monthsCache": {
          "format": {},
          "standalone": {},
        },
        "numberingSystem": null,
        "outputCalendar": null,
        "specifiedLocale": null,
        "weekSettings": null,
        "weekdaysCache": {
          "format": {},
          "standalone": {},
        },
      },
      "localWeekData": null,
      "o": -0,
      "ts": 1605571200000,
      "weekData": null,
    },
    "debit": 49401,
    "description": "AMEX EPAYMENT ACH PMT 842780",
    "kind": "Charge",
    "pageNumber": 4,
    "statementDescription": "Electronic Withdrawal AMEX EPAYMENT ACH PMT 842780",
    "type": "Electronic Withdrawal",
  },
  ActivityEntry {
    "amount": -2011,
    "balance": 341424,
    "credit": undefined,
    "date": DateTime {
      "_zone": SystemZone {},
      "c": {
        "day": 18,
        "hour": 0,
        "millisecond": 0,
        "minute": 0,
        "month": 11,
        "second": 0,
        "year": 2020,
      },
      "invalid": null,
      "isLuxonDateTime": true,
      "loc": Locale {
        "eraCache": {},
        "fastNumbersCached": null,
        "intl": "en-US",
        "locale": "en-US",
        "meridiemCache": null,
        "monthsCache": {
          "format": {},
          "standalone": {},
        },
        "numberingSystem": null,
        "outputCalendar": null,
        "specifiedLocale": null,
        "weekSettings": null,
        "weekdaysCache": {
          "format": {},
          "standalone": {},
        },
      },
      "localWeekData": null,
      "o": -0,
      "ts": 1605657600000,
      "weekData": null,
    },
    "debit": 2011,
    "description": "FLOURISH AND BLOTTS 203",
    "kind": "Charge",
    "pageNumber": 4,
    "statementDescription": "Electronic Withdrawal FLOURISH AND BLOTTS 203",
    "type": "Electronic Withdrawal",
  },
  ActivityEntry {
    "amount": -1200,
    "balance": 340224,
    "credit": undefined,
    "date": DateTime {
      "_zone": SystemZone {},
      "c": {
        "day": 18,
        "hour": 0,
        "millisecond": 0,
        "minute": 0,
        "month": 11,
        "second": 0,
        "year": 2020,
      },
      "invalid": null,
      "isLuxonDateTime": true,
      "loc": Locale {
        "eraCache": {},
        "fastNumbersCached": null,
        "intl": "en-US",
        "locale": "en-US",
        "meridiemCache": null,
        "monthsCache": {
          "format": {},
          "standalone": {},
        },
        "numberingSystem": null,
        "outputCalendar": null,
        "specifiedLocale": null,
        "weekSettings": null,
        "weekdaysCache": {
          "format": {},
          "standalone": {},
        },
      },
      "localWeekData": null,
      "o": -0,
      "ts": 1605657600000,
      "weekData": null,
    },
    "debit": 1200,
    "description": "Check Paid #1202",
    "kind": "Check",
    "pageNumber": 4,
    "statementDescription": "Check Check Paid #1202",
    "type": "Check",
  },
  ActivityEntry {
    "amount": -23355,
    "balance": 316869,
    "credit": undefined,
    "date": DateTime {
      "_zone": SystemZone {},
      "c": {
        "day": 19,
        "hour": 0,
        "millisecond": 0,
        "minute": 0,
        "month": 11,
        "second": 0,
        "year": 2020,
      },
      "invalid": null,
      "isLuxonDateTime": true,
      "loc": Locale {
        "eraCache": {},
        "fastNumbersCached": null,
        "intl": "en-US",
        "locale": "en-US",
        "meridiemCache": null,
        "monthsCache": {
          "format": {},
          "standalone": {},
        },
        "numberingSystem": null,
        "outputCalendar": null,
        "specifiedLocale": null,
        "weekSettings": null,
        "weekdaysCache": {
          "format": {},
          "standalone": {},
        },
      },
      "localWeekData": null,
      "o": -0,
      "ts": 1605744000000,
      "weekData": null,
    },
    "debit": 23355,
    "description": "LEAKY CAULDRON BB 84397",
    "kind": "Charge",
    "pageNumber": 4,
    "statementDescription": "Electronic Withdrawal LEAKY CAULDRON BB 84397",
    "type": "Electronic Withdrawal",
  },
  ActivityEntry {
    "amount": -10000,
    "balance": 326869,
    "credit": undefined,
    "date": DateTime {
      "_zone": SystemZone {},
      "c": {
        "day": 21,
        "hour": 0,
        "millisecond": 0,
        "minute": 0,
        "month": 11,
        "second": 0,
        "year": 2020,
      },
      "invalid": null,
      "isLuxonDateTime": true,
      "loc": Locale {
        "eraCache": {},
        "fastNumbersCached": null,
        "intl": "en-US",
        "locale": "en-US",
        "meridiemCache": null,
        "monthsCache": {
          "format": {},
          "standalone": {},
        },
        "numberingSystem": null,
        "outputCalendar": null,
        "specifiedLocale": null,
        "weekSettings": null,
        "weekdaysCache": {
          "format": {},
          "standalone": {},
        },
      },
      "localWeekData": null,
      "o": -0,
      "ts": 1605916800000,
      "weekData": null,
    },
    "debit": 10000,
    "description": undefined,
    "kind": "Deposit",
    "pageNumber": 4,
    "statementDescription": "Deposit Mobile Banking",
    "type": "Deposit Mobile Banking",
  },
  ActivityEntry {
    "amount": -9000,
    "balance": 317869,
    "credit": undefined,
    "date": DateTime {
      "_zone": SystemZone {},
      "c": {
        "day": 23,
        "hour": 0,
        "millisecond": 0,
        "minute": 0,
        "month": 11,
        "second": 0,
        "year": 2020,
      },
      "invalid": null,
      "isLuxonDateTime": true,
      "loc": Locale {
        "eraCache": {},
        "fastNumbersCached": null,
        "intl": "en-US",
        "locale": "en-US",
        "meridiemCache": null,
        "monthsCache": {
          "format": {},
          "standalone": {},
        },
        "numberingSystem": null,
        "outputCalendar": null,
        "specifiedLocale": null,
        "weekSettings": null,
        "weekdaysCache": {
          "format": {},
          "standalone": {},
        },
      },
      "localWeekData": null,
      "o": -0,
      "ts": 1606089600000,
      "weekData": null,
    },
    "debit": 9000,
    "description": "VENMO PAYMENT",
    "kind": "Charge",
    "pageNumber": 4,
    "statementDescription": "Electronic Withdrawal VENMO PAYMENT",
    "type": "Electronic Withdrawal",
  },
  ActivityEntry {
    "amount": -15000,
    "balance": 302869,
    "credit": undefined,
    "date": DateTime {
      "_zone": SystemZone {},
      "c": {
        "day": 23,
        "hour": 0,
        "millisecond": 0,
        "minute": 0,
        "month": 11,
        "second": 0,
        "year": 2020,
      },
      "invalid": null,
      "isLuxonDateTime": true,
      "loc": Locale {
        "eraCache": {},
        "fastNumbersCached": null,
        "intl": "en-US",
        "locale": "en-US",
        "meridiemCache": null,
        "monthsCache": {
          "format": {},
          "standalone": {},
        },
        "numberingSystem": null,
        "outputCalendar": null,
        "specifiedLocale": null,
        "weekSettings": null,
        "weekdaysCache": {
          "format": {},
          "standalone": {},
        },
      },
      "localWeekData": null,
      "o": -0,
      "ts": 1606089600000,
      "weekData": null,
    },
    "debit": 15000,
    "description": "VENMO PAYMENT",
    "kind": "Charge",
    "pageNumber": 4,
    "statementDescription": "Electronic Withdrawal VENMO PAYMENT",
    "type": "Electronic Withdrawal",
  },
  ActivityEntry {
    "amount": -100000,
    "balance": 402869,
    "credit": undefined,
    "date": DateTime {
      "_zone": SystemZone {},
      "c": {
        "day": 25,
        "hour": 0,
        "millisecond": 0,
        "minute": 0,
        "month": 11,
        "second": 0,
        "year": 2020,
      },
      "invalid": null,
      "isLuxonDateTime": true,
      "loc": Locale {
        "eraCache": {},
        "fastNumbersCached": null,
        "intl": "en-US",
        "locale": "en-US",
        "meridiemCache": null,
        "monthsCache": {
          "format": {},
          "standalone": {},
        },
        "numberingSystem": null,
        "outputCalendar": null,
        "specifiedLocale": null,
        "weekSettings": null,
        "weekdaysCache": {
          "format": {},
          "standalone": {},
        },
      },
      "localWeekData": null,
      "o": -0,
      "ts": 1606262400000,
      "weekData": null,
    },
    "debit": 100000,
    "description": undefined,
    "kind": "Deposit",
    "pageNumber": 4,
    "statementDescription": "Deposit Mobile Banking",
    "type": "Deposit Mobile Banking",
  },
  ActivityEntry {
    "amount": -100,
    "balance": 402769,
    "credit": undefined,
    "date": DateTime {
      "_zone": SystemZone {},
      "c": {
        "day": 27,
        "hour": 0,
        "millisecond": 0,
        "minute": 0,
        "month": 11,
        "second": 0,
        "year": 2020,
      },
      "invalid": null,
      "isLuxonDateTime": true,
      "loc": Locale {
        "eraCache": {},
        "fastNumbersCached": null,
        "intl": "en-US",
        "locale": "en-US",
        "meridiemCache": null,
        "monthsCache": {
          "format": {},
          "standalone": {},
        },
        "numberingSystem": null,
        "outputCalendar": null,
        "specifiedLocale": null,
        "weekSettings": null,
        "weekdaysCache": {
          "format": {},
          "standalone": {},
        },
      },
      "localWeekData": null,
      "o": -0,
      "ts": 1606435200000,
      "weekData": null,
    },
    "debit": 100,
    "description": "CITY OF LONDON PARKING GARAGE #000000190070441",
    "kind": "Charge",
    "pageNumber": 4,
    "statementDescription": "Visa Debit Card Purchase CITY OF LONDON PARKING GARAGE #000000190070441",
    "type": "Visa Debit Card Purchase",
  },
  ActivityEntry {
    "amount": -23398,
    "balance": 379371,
    "credit": undefined,
    "date": DateTime {
      "_zone": SystemZone {},
      "c": {
        "day": 30,
        "hour": 0,
        "millisecond": 0,
        "minute": 0,
        "month": 11,
        "second": 0,
        "year": 2020,
      },
      "invalid": null,
      "isLuxonDateTime": true,
      "loc": Locale {
        "eraCache": {},
        "fastNumbersCached": null,
        "intl": "en-US",
        "locale": "en-US",
        "meridiemCache": null,
        "monthsCache": {
          "format": {},
          "standalone": {},
        },
        "numberingSystem": null,
        "outputCalendar": null,
        "specifiedLocale": null,
        "weekSettings": null,
        "weekdaysCache": {
          "format": {},
          "standalone": {},
        },
      },
      "localWeekData": null,
      "o": -0,
      "ts": 1606694400000,
      "weekData": null,
    },
    "debit": 23398,
    "description": "HOGWARTS SCHOOL WWPAY 201127",
    "kind": "Charge",
    "pageNumber": 5,
    "statementDescription": "Electronic Withdrawal HOGWARTS SCHOOL WWPAY 201127",
    "type": "Electronic Withdrawal",
  },
  ActivityEntry {
    "amount": 37,
    "balance": 379408,
    "credit": 37,
    "date": DateTime {
      "_zone": SystemZone {},
      "c": {
        "day": 30,
        "hour": 0,
        "millisecond": 0,
        "minute": 0,
        "month": 11,
        "second": 0,
        "year": 2020,
      },
      "invalid": null,
      "isLuxonDateTime": true,
      "loc": Locale {
        "eraCache": {},
        "fastNumbersCached": null,
        "intl": "en-US",
        "locale": "en-US",
        "meridiemCache": null,
        "monthsCache": {
          "format": {},
          "standalone": {},
        },
        "numberingSystem": null,
        "outputCalendar": null,
        "specifiedLocale": null,
        "weekSettings": null,
        "weekdaysCache": {
          "format": {},
          "standalone": {},
        },
      },
      "localWeekData": null,
      "o": -0,
      "ts": 1606694400000,
      "weekData": null,
    },
    "debit": undefined,
    "description": undefined,
    "kind": "Interest",
    "pageNumber": 5,
    "statementDescription": "Interest Paid",
    "type": "Interest Paid",
  },
]
`;
