// Bun Snapshot v1, https://goo.gl/fbAQLP

exports[`summary 1`] = `
StatementSummary {
  "account": "829475629059",
  "accountName": "High Yield Investor Checking",
  "accountType": "banking",
  "beginningBalance": 378295,
  "closingDate": DateTime {
    "_zone": SystemZone {},
    "c": {
      "day": 30,
      "hour": 0,
      "millisecond": 0,
      "minute": 0,
      "month": 11,
      "second": 0,
      "year": 2020,
    },
    "invalid": null,
    "isLuxonDateTime": true,
    "loc": Locale {
      "eraCache": {},
      "fastNumbersCached": null,
      "intl": "en-US",
      "locale": "en-US",
      "meridiemCache": null,
      "monthsCache": {
        "format": {},
        "standalone": {},
      },
      "numberingSystem": null,
      "outputCalendar": null,
      "specifiedLocale": null,
      "weekSettings": null,
      "weekdaysCache": {
        "format": {},
        "standalone": {},
      },
    },
    "localWeekData": null,
    "o": -0,
    "ts": 1606694400000,
    "weekData": null,
  },
  "depositsAndCredits": 180424,
  "endingBalance": 159408,
  "interestPaid": 37,
  "otherFees": 0,
  "period": Interval {
    "e": DateTime {
      "_zone": SystemZone {},
      "c": {
        "day": 30,
        "hour": 0,
        "millisecond": 0,
        "minute": 0,
        "month": 11,
        "second": 0,
        "year": 2020,
      },
      "invalid": null,
      "isLuxonDateTime": true,
      "loc": Locale {
        "eraCache": {},
        "fastNumbersCached": null,
        "intl": "en-US",
        "locale": "en-US",
        "meridiemCache": null,
        "monthsCache": {
          "format": {},
          "standalone": {},
        },
        "numberingSystem": null,
        "outputCalendar": null,
        "specifiedLocale": null,
        "weekSettings": null,
        "weekdaysCache": {
          "format": {},
          "standalone": {},
        },
      },
      "localWeekData": null,
      "o": -0,
      "ts": 1606694400000,
      "weekData": null,
    },
    "invalid": null,
    "isLuxonInterval": true,
    "s": DateTime {
      "_zone": SystemZone {},
      "c": {
        "day": 31,
        "hour": 0,
        "millisecond": 0,
        "minute": 0,
        "month": 10,
        "second": 0,
        "year": 2020,
      },
      "invalid": null,
      "isLuxonDateTime": true,
      "loc": Locale {
        "eraCache": {},
        "fastNumbersCached": null,
        "intl": "en-US",
        "locale": "en-US",
        "meridiemCache": null,
        "monthsCache": {
          "format": {},
          "standalone": {},
        },
        "numberingSystem": null,
        "outputCalendar": null,
        "specifiedLocale": null,
        "weekSettings": null,
        "weekdaysCache": {
          "format": {},
          "standalone": {},
        },
      },
      "localWeekData": null,
      "o": -0,
      "ts": 1604102400000,
      "weekData": null,
    },
  },
  "withdrawalsAndDebits": -399348,
}
`;
