// Vitest Snapshot v1, https://vitest.dev/guide/snapshot.html

exports[`parse summary 1`] = `
t {
  "isErr": false,
  "isOk": true,
  "value": StatementSummary {
    "account": "apple-card",
    "accountName": "Apple Card",
    "accountType": "credit",
    "closingDate": "2025-01-31T00:00:00.000+00:00",
    "interestCharged": -0,
    "paymentDueDate": "2025-02-28T00:00:00.000+00:00",
    "previousBalance": -85445,
    "startDate": "2025-01-01T00:00:00.000+00:00",
    "totalBalance": -97920,
    "totalDailyCash": 1377,
    "totalPayments": 85445,
    "totalTransactions": -97920,
  },
}
`;
