// Bun Snapshot v1, https://goo.gl/fbAQLP

exports[`parse summary 1`] = `
t {
  "isErr": false,
  "isOk": true,
  "value": StatementSummary {
    "account": "apple-card",
    "accountName": "Apple Card",
    "accountType": "credit",
    "closingDate": DateTime {
      "_zone": SystemZone {},
      "c": {
        "day": 31,
        "hour": 0,
        "millisecond": 0,
        "minute": 0,
        "month": 1,
        "second": 0,
        "year": 2025,
      },
      "invalid": null,
      "isLuxonDateTime": true,
      "loc": Locale {
        "eraCache": {},
        "fastNumbersCached": null,
        "intl": "en-US",
        "locale": "en-US",
        "meridiemCache": null,
        "monthsCache": {
          "format": {},
          "standalone": {},
        },
        "numberingSystem": null,
        "outputCalendar": null,
        "specifiedLocale": null,
        "weekSettings": null,
        "weekdaysCache": {
          "format": {},
          "standalone": {},
        },
      },
      "localWeekData": null,
      "o": -0,
      "ts": 1738281600000,
      "weekData": null,
    },
    "interestCharged": -0,
    "paymentDueDate": DateTime {
      "_zone": SystemZone {},
      "c": {
        "day": 28,
        "hour": 0,
        "millisecond": 0,
        "minute": 0,
        "month": 2,
        "second": 0,
        "year": 2025,
      },
      "invalid": null,
      "isLuxonDateTime": true,
      "loc": Locale {
        "eraCache": {},
        "fastNumbersCached": null,
        "intl": "en-US",
        "locale": "en-US",
        "meridiemCache": null,
        "monthsCache": {
          "format": {},
          "standalone": {},
        },
        "numberingSystem": null,
        "outputCalendar": null,
        "specifiedLocale": null,
        "weekSettings": null,
        "weekdaysCache": {
          "format": {},
          "standalone": {},
        },
      },
      "localWeekData": null,
      "o": -0,
      "ts": 1740700800000,
      "weekData": null,
    },
    "previousBalance": -85445,
    "startDate": DateTime {
      "_zone": SystemZone {},
      "c": {
        "day": 1,
        "hour": 0,
        "millisecond": 0,
        "minute": 0,
        "month": 1,
        "second": 0,
        "year": 2025,
      },
      "invalid": null,
      "isLuxonDateTime": true,
      "loc": Locale {
        "eraCache": {},
        "fastNumbersCached": null,
        "intl": "en-US",
        "locale": "en-US",
        "meridiemCache": null,
        "monthsCache": {
          "format": {},
          "standalone": {},
        },
        "numberingSystem": null,
        "outputCalendar": null,
        "specifiedLocale": null,
        "weekSettings": null,
        "weekdaysCache": {
          "format": {},
          "standalone": {},
        },
      },
      "localWeekData": null,
      "o": -0,
      "ts": 1735689600000,
      "weekData": null,
    },
    "totalBalance": -97920,
    "totalDailyCash": 1377,
    "totalPayments": 85445,
    "totalTransactions": -97920,
  },
}
`;
