// Vitest Snapshot v1, https://vitest.dev/guide/snapshot.html

exports[`parse transactions 1`] = `
[
  Transaction {
    "amount": -150,
    "dailyCashAmount": 2,
    "dailyCashPercent": 1,
    "date": "2025-01-02T00:00:00.000+00:00",
    "kind": "Charge",
    "pageNumber": 3,
    "statementDescription": "CITY OF ALAMEDA IPS 2263 SANTA CLARA AVE 202 ALAMEDA 94501 CA USA",
  },
  Transaction {
    "amount": -300,
    "dailyCashAmount": 3,
    "dailyCashPercent": 1,
    "date": "2025-01-04T00:00:00.000+00:00",
    "kind": "Charge",
    "pageNumber": 3,
    "statementDescription": "OAKLAND PARK METER IPS250 FRANK OGAWA PLZ 6300 OAKLAND 94612 CA USA",
  },
  Transaction {
    "amount": -1299,
    "dailyCashAmount": 39,
    "dailyCashPercent": 3,
    "date": "2025-01-09T00:00:00.000+00:00",
    "kind": "Charge",
    "pageNumber": 3,
    "statementDescription": "APPLE.COM/BILL ONE APPLE PARK WAY 866-712-7753 95014 CA USA",
  },
  Transaction {
    "amount": -999,
    "dailyCashAmount": 30,
    "dailyCashPercent": 3,
    "date": "2025-01-12T00:00:00.000+00:00",
    "kind": "Charge",
    "pageNumber": 3,
    "statementDescription": "APPLE.COM/BILL ONE APPLE PARK WAY 866-712-7753 95014 CA USA",
  },
  Transaction {
    "amount": -1499,
    "dailyCashAmount": 45,
    "dailyCashPercent": 3,
    "date": "2025-01-12T00:00:00.000+00:00",
    "kind": "Charge",
    "pageNumber": 3,
    "statementDescription": "APPLE.COM/BILL ONE APPLE PARK WAY 866-712-7753 95014 CA USA",
  },
  Transaction {
    "amount": -1599,
    "dailyCashAmount": 48,
    "dailyCashPercent": 3,
    "date": "2025-01-13T00:00:00.000+00:00",
    "kind": "Charge",
    "pageNumber": 3,
    "statementDescription": "APPLE.COM/BILL ONE APPLE PARK WAY 866-712-7753 95014 CA USA",
  },
  Transaction {
    "amount": -1499,
    "dailyCashAmount": 45,
    "dailyCashPercent": 3,
    "date": "2025-01-13T00:00:00.000+00:00",
    "kind": "Charge",
    "pageNumber": 3,
    "statementDescription": "APPLE.COM/BILL ONE APPLE PARK WAY 866-712-7753 95014 CA USA",
  },
  Transaction {
    "amount": -20600,
    "dailyCashAmount": 206,
    "dailyCashPercent": 1,
    "date": "2025-01-14T00:00:00.000+00:00",
    "kind": "Charge",
    "pageNumber": 3,
    "statementDescription": "LONGBOTTOM & CO. DDS 291 GROVE ST OXFORDSHIRE 29384 UK",
  },
  Transaction {
    "amount": -1017,
    "dailyCashAmount": 10,
    "dailyCashPercent": 1,
    "date": "2025-01-16T00:00:00.000+00:00",
    "kind": "Charge",
    "pageNumber": 3,
    "statementDescription": "YOGOFINA OXFORD 3412 PARK AVE OXFORD 84710 UK",
  },
  Transaction {
    "amount": -999,
    "dailyCashAmount": 30,
    "dailyCashPercent": 3,
    "date": "2025-01-21T00:00:00.000+00:00",
    "kind": "Charge",
    "pageNumber": 3,
    "statementDescription": "APPLE.COM/BILL ONE APPLE PARK WAY 866-712-7753 95014 CA USA",
  },
  Transaction {
    "amount": -799,
    "dailyCashAmount": 24,
    "dailyCashPercent": 3,
    "date": "2025-01-21T00:00:00.000+00:00",
    "kind": "Charge",
    "pageNumber": 3,
    "statementDescription": "APPLE.COM/BILL ONE APPLE PARK WAY 866-712-7753 95014 CA USA",
  },
  Transaction {
    "amount": -1898,
    "dailyCashAmount": 57,
    "dailyCashPercent": 3,
    "date": "2025-01-22T00:00:00.000+00:00",
    "kind": "Charge",
    "pageNumber": 4,
    "statementDescription": "APPLE.COM/BILL ONE APPLE PARK WAY CUPERTINO 95014 CA USA",
  },
  Transaction {
    "amount": -25730,
    "dailyCashAmount": 257,
    "dailyCashPercent": 1,
    "date": "2025-01-22T00:00:00.000+00:00",
    "kind": "Charge",
    "pageNumber": 4,
    "statementDescription": "FLOURISH AND BLOTTSCO2000 GRAND STREET 0571839400 89205 UK",
  },
  Transaction {
    "amount": -7240,
    "dailyCashAmount": 145,
    "dailyCashPercent": 2,
    "date": "2025-01-25T00:00:00.000+00:00",
    "kind": "Charge",
    "pageNumber": 4,
    "statementDescription": "THE THREE BROOMSTICKS KITCHEN AND BAR HOGSMEADE UK",
  },
  Transaction {
    "amount": -349,
    "dailyCashAmount": 10,
    "dailyCashPercent": 3,
    "date": "2025-01-28T00:00:00.000+00:00",
    "kind": "Charge",
    "pageNumber": 4,
    "statementDescription": "APPLE.COM/BILL ONE APPLE PARK WAY 866-712-7753 95014 CA USA",
  },
  Transaction {
    "amount": -1499,
    "dailyCashAmount": 45,
    "dailyCashPercent": 3,
    "date": "2025-01-28T00:00:00.000+00:00",
    "kind": "Charge",
    "pageNumber": 4,
    "statementDescription": "APPLE.COM/BILL ONE APPLE PARK CUPERTINO 95014 CA USA",
  },
  Transaction {
    "amount": -4999,
    "dailyCashAmount": 50,
    "dailyCashPercent": 1,
    "date": "2025-01-29T00:00:00.000+00:00",
    "kind": "Charge",
    "pageNumber": 4,
    "statementDescription": "MUGGLE MANIA MADNESS INC. CITY OF LONDON UK",
  },
  Transaction {
    "amount": -3795,
    "dailyCashAmount": 114,
    "dailyCashPercent": 3,
    "date": "2025-01-30T00:00:00.000+00:00",
    "kind": "Charge",
    "pageNumber": 4,
    "statementDescription": "APPLE.COM/BILL ONE APPLE PARK WAY 866-712-7753 95014 CA USA",
  },
  Transaction {
    "amount": -100,
    "dailyCashAmount": 1,
    "dailyCashPercent": 1,
    "date": "2025-01-04T00:00:00.000+00:00",
    "kind": "Charge",
    "pageNumber": 4,
    "statementDescription": "OAKLAND PARK METER IPS250 FRANK OGAWA PLZ 6300 OAKLAND 94612 CA USA",
  },
  Transaction {
    "amount": -10700,
    "dailyCashAmount": 107,
    "dailyCashPercent": 1,
    "date": "2025-01-06T00:00:00.000+00:00",
    "kind": "Charge",
    "pageNumber": 4,
    "statementDescription": "COUNTY SPECIALTY POTIONS CRESTMORE AVE GODRICS HOLLOW UK",
  },
  Transaction {
    "amount": -150,
    "dailyCashAmount": 2,
    "dailyCashPercent": 1,
    "date": "2025-01-16T00:00:00.000+00:00",
    "kind": "Charge",
    "pageNumber": 4,
    "statementDescription": "CITY OF ALAMEDA IPS 2263 SANTA CLARA AVE 202 ALAMEDA 94501 CA USA",
  },
  Transaction {
    "amount": -10700,
    "dailyCashAmount": 107,
    "dailyCashPercent": 1,
    "date": "2025-01-27T00:00:00.000+00:00",
    "kind": "Charge",
    "pageNumber": 4,
    "statementDescription": "COUNTY SPECIALTY POTIONS CRESTMORE AVE GODRICS HOLLOW UK",
  },
]
`;
